// Vitest Snapshot v1, https://vitest.dev/guide/snapshot.html

exports[`handlebars > should resolve rbase64 1`] = `"data:image/png;base64,iVBORw0KGgoAAAANSUhEUgAAAHgAAAB4BAMAAADLSivhAAAAMFBMVEUAAAAA/wD/AAAAAAAAAAAAAAAAAAAAAAAAAAAAAAAAAAAAAAAAAAAAAAAAAAAAAADw41eGAAAACXBIWXMAAAsTAAALEwEAmpwYAAABQUlEQVRYw+2TDW6DMAyFbZ/AuYGV+x9y/kk7CFrWlEmbpvcKNAa+xH44RBAE/Vl1OwQyPTSzFStnoIJBmDyHX8F0D5Yeh5F1EQuiRzF+8cj8ybJm/41DpJbzYiTCLNqWa/cevpzgnpkE3PsaTvIM1335xm5JuHJOWGwjbc+qDEt3HoumYTVB32gaudFwYth0EARBEPRr4tZIp3tzzOO8wv7uAuYjzD8Pc6M4lJpGIRETZ+gX8sJ8kEE8mGvWWMzn4JyrYs6QY/oc5J+e/YhUtMViPnnM9ITpALeWpydxhTURUq6KrzCNkV4/g9b7U9r0YtppmE6GUXhER8NoNgyq3tR3N9nb5G1Y1Xud83N729LWh/Ve8AbTarTHltlJO9nRpdNOeAUuy6vlaRdW/oR38Npew7DcCYrehyAIgiAI+if6APa3GL8PDRdSAAAAAElFTkSuQmCC"`;
