// Vitest Snapshot v1

exports[`hyperbook > should get navigation 1`] = `
{
  "current": {
    "href": "/paradigms",
    "name": "Paradigms",
    "repo": "https://github.com/openpatch/hyperbook/edit/main/website/en/book/paradigms.md",
  },
  "next": {
    "href": "/subsection/use-template1",
    "name": "Use Template1 with YAML",
    "repo": "https://github.com/openpatch/hyperbook/edit/main/website/en/book/subsection/use-template1.yml",
  },
  "pages": [
    {
      "href": "/",
      "name": "Home",
      "repo": "https://github.com/openpatch/hyperbook/edit/main/website/en/book/index.md",
    },
    {
      "href": "/paradigms",
      "name": "Paradigms",
      "repo": "https://github.com/openpatch/hyperbook/edit/main/website/en/book/paradigms.md",
    },
  ],
  "previous": {
    "href": "/",
    "name": "Home",
    "repo": "https://github.com/openpatch/hyperbook/edit/main/website/en/book/index.md",
  },
  "sections": [
    {
      "href": "/subsection",
      "isEmpty": true,
      "pages": [
        {
          "href": "/subsection/use-template1",
          "name": "Use Template1 with YAML",
          "repo": "https://github.com/openpatch/hyperbook/edit/main/website/en/book/subsection/use-template1.yml",
        },
      ],
      "repo": "https://github.com/openpatch/hyperbook/edit/main/website/en/book/subsection/index.md",
      "sections": [],
      "virtual": true,
    },
  ],
}
`;
